docker :  Image teamweb-my_personal_web Building 
At line:1 char:1
+ docker compose build --no-cache my_personal_web > build-output.txt 2> ...
+ ~~~~~~~~~~~~~~~~~~~~~~~~~~~~~~~~~~~~~~~~~~~~~~~~~~~~~~~~~~~~~~~~~~~~~
    + CategoryInfo          : NotSpecified: ( Image teamweb-my_personal_web Bu 
   ilding :String) [], RemoteException
    + FullyQualifiedErrorId : NativeCommandError
 
#1 [internal] load local bake definitions
#1 reading from stdin 551B 0.1s done
#1 DONE 0.1s

#2 [internal] load build definition from Dockerfile
#2 transferring dockerfile: 647B 0.0s done
#2 DONE 0.0s

#3 [internal] load metadata for docker.io/library/python:3.11-slim
#3 ...

#4 [auth] library/python:pull token for registry-1.docker.io
#4 DONE 0.0s

#3 [internal] load metadata for docker.io/library/python:3.11-slim
#3 DONE 2.4s

#5 [internal] load .dockerignore
#5 transferring context: 388B 0.0s done
#5 DONE 0.0s

#6 [internal] load build context
#6 DONE 0.0s

#7 [1/8] FROM docker.io/library/python:3.11-slim@sha256:ae52c5bef62a6bdd42cd1e8dffef86b9cd284bde9427da79839de7a4b983e7ca
#7 resolve docker.io/library/python:3.11-slim@sha256:ae52c5bef62a6bdd42cd1e8dffef86b9cd284bde9427da79839de7a4b983e7ca 0.1s done
#7 DONE 0.1s

#8 [2/8] WORKDIR /app
#8 CACHED

#6 [internal] load build context
#6 transferring context: 1.16kB 0.0s done
#6 DONE 0.0s

#9 [3/8] RUN apt-get update && apt-get install -y --no-install-recommends     && rm -rf /var/lib/apt/lists/*
#9 0.625 Hit:1 http://deb.debian.org/debian trixie InRelease
#9 0.666 Get:2 http://deb.debian.org/debian trixie-updates InRelease [47.3 kB]
#9 0.791 Get:3 http://deb.debian.org/debian-security trixie-security InRelease [43.4 kB]
#9 0.870 Get:4 http://deb.debian.org/debian trixie/main amd64 Packages [9671 kB]
#9 2.280 Get:5 http://deb.debian.org/debian trixie-updates/main amd64 Packages [5412 B]
#9 2.347 Get:6 http://deb.debian.org/debian-security trixie-security/main amd64 Packages [217 kB]
#9 4.351 Fetched 9985 kB in 4s (2562 kB/s)
#9 4.351 Reading package lists...
#9 5.939 Reading package lists...
#9 7.731 Building dependency tree...
#9 8.224 Reading state information...
#9 9.014 0 upgraded, 0 newly installed, 0 to remove and 0 not upgraded.
#9 DONE 9.1s

#10 [4/8] COPY requirements.txt .
#10 DONE 0.1s

#11 [5/8] RUN pip install --no-cache-dir -r requirements.txt
#11 4.873 Collecting asgiref==3.11.1 (from -r requirements.txt (line 1))
#11 5.038   Downloading asgiref-3.11.1-py3-none-any.whl.metadata (9.3 kB)
#11 5.386 ERROR: Ignored the following yanked versions: 4.2.12, 5.0.5
#11 5.387 ERROR: Ignored the following versions that require a different python version: 6.0 Requires-Python >=3.12; 6.0.1 Requires-Python >=3.12; 6.0.2 Requires-Python >=3.12; 6.0.3 Requires-Python >=3.12; 6.0.4 Requires-Python >=3.12; 6.0.5 Requires-Python >=3.12; 6.0.6 Requires-Python >=3.12; 6.0a1 Requires-Python >=3.12; 6.0b1 Requires-Python >=3.12; 6.0rc1 Requires-Python >=3.12; 6.1a1 Requires-Python >=3.12
#11 5.389 ERROR: Could not find a version that satisfies the requirement Django==6.0.6 (from versions: 1.1.3, 1.1.4, 1.2, 1.2.1, 1.2.2, 1.2.3, 1.2.4, 1.2.5, 1.2.6, 1.2.7, 1.3, 1.3.1, 1.3.2, 1.3.3, 1.3.4, 1.3.5, 1.3.6, 1.3.7, 1.4, 1.4.1, 1.4.2, 1.4.3, 1.4.4, 1.4.5, 1.4.6, 1.4.7, 1.4.8, 1.4.9, 1.4.10, 1.4.11, 1.4.12, 1.4.13, 1.4.14, 1.4.15, 1.4.16, 1.4.17, 1.4.18, 1.4.19, 1.4.20, 1.4.21, 1.4.22, 1.5, 1.5.1, 1.5.2, 1.5.3, 1.5.4, 1.5.5, 1.5.6, 1.5.7, 1.5.8, 1.5.9, 1.5.10, 1.5.11, 1.5.12, 1.6, 1.6.1, 1.6.2, 1.6.3, 1.6.4, 1.6.5, 1.6.6, 1.6.7, 1.6.8, 1.6.9, 1.6.10, 1.6.11, 1.7, 1.7.1, 1.7.2, 1.7.3, 1.7.4, 1.7.5, 1.7.6, 1.7.7, 1.7.8, 1.7.9, 1.7.10, 1.7.11, 1.8a1, 1.8b1, 1.8b2, 1.8rc1, 1.8, 1.8.1, 1.8.2, 1.8.3, 1.8.4, 1.8.5, 1.8.6, 1.8.7, 1.8.8, 1.8.9, 1.8.10, 1.8.11, 1.8.12, 1.8.13, 1.8.14, 1.8.15, 1.8.16, 1.8.17, 1.8.18, 1.8.19, 1.9a1, 1.9b1, 1.9rc1, 1.9rc2, 1.9, 1.9.1, 1.9.2, 1.9.3, 1.9.4, 1.9.5, 1.9.6, 1.9.7, 1.9.8, 1.9.9, 1.9.10, 1.9.11, 1.9.12, 1.9.13, 1.10a1, 1.10b1, 1.10rc1, 1.10, 1.10.1, 1.10.2, 1.10.3, 1.10.4, 1.10.5, 1.10.6, 1.10.7, 1.10.8, 1.11a1, 1.11b1, 1.11rc1, 1.11, 1.11.1, 1.11.2, 1.11.3, 1.11.4, 1.11.5, 1.11.6, 1.11.7, 1.11.8, 1.11.9, 1.11.10, 1.11.11, 1.11.12, 1.11.13, 1.11.14, 1.11.15, 1.11.16, 1.11.17, 1.11.18, 1.11.20, 1.11.21, 1.11.22, 1.11.23, 1.11.24, 1.11.25, 1.11.26, 1.11.27, 1.11.28, 1.11.29, 2.0a1, 2.0b1, 2.0rc1, 2.0, 2.0.1, 2.0.2, 2.0.3, 2.0.4, 2.0.5, 2.0.6, 2.0.7, 2.0.8, 2.0.9, 2.0.10, 2.0.12, 2.0.13, 2.1a1, 2.1b1, 2.1rc1, 2.1, 2.1.1, 2.1.2, 2.1.3, 2.1.4, 2.1.5, 2.1.7, 2.1.8, 2.1.9, 2.1.10, 2.1.11, 2.1.12, 2.1.13, 2.1.14, 2.1.15, 2.2a1, 2.2b1, 2.2rc1, 2.2, 2.2.1, 2.2.2, 2.2.3, 2.2.4, 2.2.5, 2.2.6, 2.2.7, 2.2.8, 2.2.9, 2.2.10, 2.2.11, 2.2.12, 2.2.13, 2.2.14, 2.2.15, 2.2.16, 2.2.17, 2.2.18, 2.2.19, 2.2.20, 2.2.21, 2.2.22, 2.2.23, 2.2.24, 2.2.25, 2.2.26, 2.2.27, 2.2.28, 3.0a1, 3.0b1, 3.0rc1, 3.0, 3.0.1, 3.0.2, 3.0.3, 3.0.4, 3.0.5, 3.0.6, 3.0.7, 3.0.8, 3.0.9, 3.0.10, 3.0.11, 3.0.12, 3.0.13, 3.0.14, 3.1a1, 3.1b1, 3.1rc1, 3.1, 3.1.1, 3.1.2, 3.1.3, 3.1.4, 3.1.5, 3.1.6, 3.1.7, 3.1.8, 3.1.9, 3.1.10, 3.1.11, 3.1.12, 3.1.13, 3.1.14, 3.2a1, 3.2b1, 3.2rc1, 3.2, 3.2.1, 3.2.2, 3.2.3, 3.2.4, 3.2.5, 3.2.6, 3.2.7, 3.2.8, 3.2.9, 3.2.10, 3.2.11, 3.2.12, 3.2.13, 3.2.14, 3.2.15, 3.2.16, 3.2.17, 3.2.18, 3.2.19, 3.2.20, 3.2.21, 3.2.22, 3.2.23, 3.2.24, 3.2.25, 4.0a1, 4.0b1, 4.0rc1, 4.0, 4.0.1, 4.0.2, 4.0.3, 4.0.4, 4.0.5, 4.0.6, 4.0.7, 4.0.8, 4.0.9, 4.0.10, 4.1a1, 4.1b1, 4.1rc1, 4.1, 4.1.1, 4.1.2, 4.1.3, 4.1.4, 4.1.5, 4.1.6, 4.1.7, 4.1.8, 4.1.9, 4.1.10, 4.1.11, 4.1.12, 4.1.13, 4.2a1, 4.2b1, 4.2rc1, 4.2, 4.2.1, 4.2.2, 4.2.3, 4.2.4, 4.2.5, 4.2.6, 4.2.7, 4.2.8, 4.2.9, 4.2.10, 4.2.11, 4.2.13, 4.2.14, 4.2.15, 4.2.16, 4.2.17, 4.2.18, 4.2.19, 4.2.20, 4.2.21, 4.2.22, 4.2.23, 4.2.24, 4.2.25, 4.2.26, 4.2.27, 4.2.28, 4.2.29, 4.2.30, 5.0a1, 5.0b1, 5.0rc1, 5.0, 5.0.1, 5.0.2, 5.0.3, 5.0.4, 5.0.6, 5.0.7, 5.0.8, 5.0.9, 5.0.10, 5.0.11, 5.0.12, 5.0.13, 5.0.14, 5.1a1, 5.1b1, 5.1rc1, 5.1, 5.1.1, 5.1.2, 5.1.3, 5.1.4, 5.1.5, 5.1.6, 5.1.7, 5.1.8, 5.1.9, 5.1.10, 5.1.11, 5.1.12, 5.1.13, 5.1.14, 5.1.15, 5.2a1, 5.2b1, 5.2rc1, 5.2, 5.2.1, 5.2.2, 5.2.3, 5.2.4, 5.2.5, 5.2.6, 5.2.7, 5.2.8, 5.2.9, 5.2.10, 5.2.11, 5.2.12, 5.2.13, 5.2.14, 5.2.15)
#11 5.391 ERROR: No matching distribution found for Django==6.0.6
#11 5.778 
#11 5.778 [notice] A new release of pip is available: 24.0 -> 26.1.2
#11 5.778 [notice] To update, run: pip install --upgrade pip
#11 ERROR: process "/bin/sh -c pip install --no-cache-dir -r requirements.txt" did not complete successfully: exit code: 1
------
 > [5/8] RUN pip install --no-cache-dir -r requirements.txt:
4.873 Collecting asgiref==3.11.1 (from -r requirements.txt (line 1))
5.038   Downloading asgiref-3.11.1-py3-none-any.whl.metadata (9.3 kB)
5.386 ERROR: Ignored the following yanked versions: 4.2.12, 5.0.5
5.387 ERROR: Ignored the following versions that require a different python version: 6.0 Requires-Python >=3.12; 6.0.1 Requires-Python >=3.12; 6.0.2 Requires-Python >=3.12; 6.0.3 Requires-Python >=3.12; 6.0.4 Requires-Python >=3.12; 6.0.5 Requires-Python >=3.12; 6.0.6 Requires-Python >=3.12; 6.0a1 Requires-Python >=3.12; 6.0b1 Requires-Python >=3.12; 6.0rc1 Requires-Python >=3.12; 6.1a1 Requires-Python >=3.12
5.389 ERROR: Could not find a version that satisfies the requirement Django==6.0.6 (from versions: 1.1.3, 1.1.4, 1.2, 1.2.1, 1.2.2, 1.2.3, 1.2.4, 1.2.5, 1.2.6, 1.2.7, 1.3, 1.3.1, 1.3.2, 1.3.3, 1.3.4, 1.3.5, 1.3.6, 1.3.7, 1.4, 1.4.1, 1.4.2, 1.4.3, 1.4.4, 1.4.5, 1.4.6, 1.4.7, 1.4.8, 1.4.9, 1.4.10, 1.4.11, 1.4.12, 1.4.13, 1.4.14, 1.4.15, 1.4.16, 1.4.17, 1.4.18, 1.4.19, 1.4.20, 1.4.21, 1.4.22, 1.5, 1.5.1, 1.5.2, 1.5.3, 1.5.4, 1.5.5, 1.5.6, 1.5.7, 1.5.8, 1.5.9, 1.5.10, 1.5.11, 1.5.12, 1.6, 1.6.1, 1.6.2, 1.6.3, 1.6.4, 1.6.5, 1.6.6, 1.6.7, 1.6.8, 1.6.9, 1.6.10, 1.6.11, 1.7, 1.7.1, 1.7.2, 1.7.3, 1.7.4, 1.7.5, 1.7.6, 1.7.7, 1.7.8, 1.7.9, 1.7.10, 1.7.11, 1.8a1, 1.8b1, 1.8b2, 1.8rc1, 1.8, 1.8.1, 1.8.2, 1.8.3, 1.8.4, 1.8.5, 1.8.6, 1.8.7, 1.8.8, 1.8.9, 1.8.10, 1.8.11, 1.8.12, 1.8.13, 1.8.14, 1.8.15, 1.8.16, 1.8.17, 1.8.18, 1.8.19, 1.9a1, 1.9b1, 1.9rc1, 1.9rc2, 1.9, 1.9.1, 1.9.2, 1.9.3, 1.9.4, 1.9.5, 1.9.6, 1.9.7, 1.9.8, 1.9.9, 1.9.10, 1.9.11, 1.9.12, 1.9.13, 1.10a1, 1.10b1, 1.10rc1, 1.10, 1.10.1, 1.10.2, 1.10.3, 1.10.4, 1.10.5, 1.10.6, 1.10.7, 1.10.8, 1.11a1, 1.11b1, 1.11rc1, 1.11, 1.11.1, 1.11.2, 1.11.3, 1.11.4, 1.11.5, 1.11.6, 1.11.7, 1.11.8, 1.11.9, 1.11.10, 1.11.11, 1.11.12, 1.11.13, 1.11.14, 1.11.15, 1.11.16, 1.11.17, 1.11.18, 1.11.20, 1.11.21, 1.11.22, 1.11.23, 1.11.24, 1.11.25, 1.11.26, 1.11.27, 1.11.28, 1.11.29, 2.0a1, 2.0b1, 2.0rc1, 2.0, 2.0.1, 2.0.2, 2.0.3, 2.0.4, 2.0.5, 2.0.6, 2.0.7, 2.0.8, 2.0.9, 2.0.10, 2.0.12, 2.0.13, 2.1a1, 2.1b1, 2.1rc1, 2.1, 2.1.1, 2.1.2, 2.1.3, 2.1.4, 2.1.5, 2.1.7, 2.1.8, 2.1.9, 2.1.10, 2.1.11, 2.1.12, 2.1.13, 2.1.14, 2.1.15, 2.2a1, 2.2b1, 2.2rc1, 2.2, 2.2.1, 2.2.2, 2.2.3, 2.2.4, 2.2.5, 2.2.6, 2.2.7, 2.2.8, 2.2.9, 2.2.10, 2.2.11, 2.2.12, 2.2.13, 2.2.14, 2.2.15, 2.2.16, 2.2.17, 2.2.18, 2.2.19, 2.2.20, 2.2.21, 2.2.22, 2.2.23, 2.2.24, 2.2.25, 2.2.26, 2.2.27, 2.2.28, 3.0a1, 3.0b1, 3.0rc1, 3.0, 3.0.1, 3.0.2, 3.0.3, 3.0.4, 3.0.5, 3.0.6, 3.0.7, 3.0.8, 3.0.9, 3.0.10, 3.0.11, 3.0.12, 3.0.13, 3.0.14, 3.1a1, 3.1b1, 3.1rc1, 3.1, 3.1.1, 3.1.2, 3.1.3, 3.1.4, 3.1.5, 3.1.6, 3.1.7, 3.1.8, 3.1.9, 3.1.10, 3.1.11, 3.1.12, 3.1.13, 3.1.14, 3.2a1, 3.2b1, 3.2rc1, 3.2, 3.2.1, 3.2.2, 3.2.3, 3.2.4, 3.2.5, 3.2.6, 3.2.7, 3.2.8, 3.2.9, 3.2.10, 3.2.11, 3.2.12, 3.2.13, 3.2.14, 3.2.15, 3.2.16, 3.2.17, 3.2.18, 3.2.19, 3.2.20, 3.2.21, 3.2.22, 3.2.23, 3.2.24, 3.2.25, 4.0a1, 4.0b1, 4.0rc1, 4.0, 4.0.1, 4.0.2, 4.0.3, 4.0.4, 4.0.5, 4.0.6, 4.0.7, 4.0.8, 4.0.9, 4.0.10, 4.1a1, 4.1b1, 4.1rc1, 4.1, 4.1.1, 4.1.2, 4.1.3, 4.1.4, 4.1.5, 4.1.6, 4.1.7, 4.1.8, 4.1.9, 4.1.10, 4.1.11, 4.1.12, 4.1.13, 4.2a1, 4.2b1, 4.2rc1, 4.2, 4.2.1, 4.2.2, 4.2.3, 4.2.4, 4.2.5, 4.2.6, 4.2.7, 4.2.8, 4.2.9, 4.2.10, 4.2.11, 4.2.13, 4.2.14, 4.2.15, 4.2.16, 4.2.17, 4.2.18, 4.2.19, 4.2.20, 4.2.21, 4.2.22, 4.2.23, 4.2.24, 4.2.25, 4.2.26, 4.2.27, 4.2.28, 4.2.29, 4.2.30, 5.0a1, 5.0b1, 5.0rc1, 5.0, 5.0.1, 5.0.2, 5.0.3, 5.0.4, 5.0.6, 5.0.7, 5.0.8, 5.0.9, 5.0.10, 5.0.11, 5.0.12, 5.0.13, 5.0.14, 5.1a1, 5.1b1, 5.1rc1, 5.1, 5.1.1, 5.1.2, 5.1.3, 5.1.4, 5.1.5, 5.1.6, 5.1.7, 5.1.8, 5.1.9, 5.1.10, 5.1.11, 5.1.12, 5.1.13, 5.1.14, 5.1.15, 5.2a1, 5.2b1, 5.2rc1, 5.2, 5.2.1, 5.2.2, 5.2.3, 5.2.4, 5.2.5, 5.2.6, 5.2.7, 5.2.8, 5.2.9, 5.2.10, 5.2.11, 5.2.12, 5.2.13, 5.2.14, 5.2.15)
5.391 ERROR: No matching distribution found for Django==6.0.6
5.778 
5.778 [notice] A new release of pip is available: 24.0 -> 26.1.2
5.778 [notice] To update, run: pip install --upgrade pip
------
Dockerfile:11

--------------------

   9 |     # Copy requirements and install Python dependencies

  10 |     COPY requirements.txt .

  11 | >>> RUN pip install --no-cache-dir -r requirements.txt

  12 |     

  13 |     # Copy project

--------------------

failed to solve: process "/bin/sh -c pip install --no-cache-dir -r requirements
.txt" did not complete successfully: exit code: 1

